Kani generated automatic harnesses for 44 function(s):
+--------------------------+----------------------------------------------+
| Crate                    | Selected Function                            |
+=========================================================================+
| cargo_autoharness_filter | yes_harness::empty_body                      |
|--------------------------+----------------------------------------------|
| cargo_autoharness_filter | yes_harness::f_array                         |
|--------------------------+----------------------------------------------|
| cargo_autoharness_filter | yes_harness::f_bool                          |
|--------------------------+----------------------------------------------|
| cargo_autoharness_filter | yes_harness::f_char                          |
|--------------------------+----------------------------------------------|
| cargo_autoharness_filter | yes_harness::f_compiler_derives_arbitrary    |
|--------------------------+----------------------------------------------|
| cargo_autoharness_filter | yes_harness::f_derives_arbitrary             |
|--------------------------+----------------------------------------------|
| cargo_autoharness_filter | yes_harness::f_f128                          |
|--------------------------+----------------------------------------------|
| cargo_autoharness_filter | yes_harness::f_f16                           |
|--------------------------+----------------------------------------------|
| cargo_autoharness_filter | yes_harness::f_f32                           |
|--------------------------+----------------------------------------------|
| cargo_autoharness_filter | yes_harness::f_f64                           |
|--------------------------+----------------------------------------------|
| cargo_autoharness_filter | yes_harness::f_i128                          |
|--------------------------+----------------------------------------------|
| cargo_autoharness_filter | yes_harness::f_i16                           |
|--------------------------+----------------------------------------------|
| cargo_autoharness_filter | yes_harness::f_i32                           |
|--------------------------+----------------------------------------------|
| cargo_autoharness_filter | yes_harness::f_i64                           |
|--------------------------+----------------------------------------------|
| cargo_autoharness_filter | yes_harness::f_i8                            |
|--------------------------+----------------------------------------------|
| cargo_autoharness_filter | yes_harness::f_isize                         |
|--------------------------+----------------------------------------------|
| cargo_autoharness_filter | yes_harness::f_manually_implements_arbitrary |
|--------------------------+----------------------------------------------|
| cargo_autoharness_filter | yes_harness::f_maybe_uninit                  |
|--------------------------+----------------------------------------------|
| cargo_autoharness_filter | yes_harness::f_multiple_args                 |
|--------------------------+----------------------------------------------|
| cargo_autoharness_filter | yes_harness::f_nonzero_i128                  |
|--------------------------+----------------------------------------------|
| cargo_autoharness_filter | yes_harness::f_nonzero_i16                   |
|--------------------------+----------------------------------------------|
| cargo_autoharness_filter | yes_harness::f_nonzero_i32                   |
|--------------------------+----------------------------------------------|
| cargo_autoharness_filter | yes_harness::f_nonzero_i64                   |
|--------------------------+----------------------------------------------|
| cargo_autoharness_filter | yes_harness::f_nonzero_i8                    |
|--------------------------+----------------------------------------------|
| cargo_autoharness_filter | yes_harness::f_nonzero_isize                 |
|--------------------------+----------------------------------------------|
| cargo_autoharness_filter | yes_harness::f_nonzero_u128                  |
|--------------------------+----------------------------------------------|
| cargo_autoharness_filter | yes_harness::f_nonzero_u16                   |
|--------------------------+----------------------------------------------|
| cargo_autoharness_filter | yes_harness::f_nonzero_u32                   |
|--------------------------+----------------------------------------------|
| cargo_autoharness_filter | yes_harness::f_nonzero_u64                   |
|--------------------------+----------------------------------------------|
| cargo_autoharness_filter | yes_harness::f_nonzero_u8                    |
|--------------------------+----------------------------------------------|
| cargo_autoharness_filter | yes_harness::f_nonzero_usize                 |
|--------------------------+----------------------------------------------|
| cargo_autoharness_filter | yes_harness::f_option                        |
|--------------------------+----------------------------------------------|
| cargo_autoharness_filter | yes_harness::f_phantom_data                  |
|--------------------------+----------------------------------------------|
| cargo_autoharness_filter | yes_harness::f_phantom_pinned                |
|--------------------------+----------------------------------------------|
| cargo_autoharness_filter | yes_harness::f_ref                           |
|--------------------------+----------------------------------------------|
| cargo_autoharness_filter | yes_harness::f_result                        |
|--------------------------+----------------------------------------------|
| cargo_autoharness_filter | yes_harness::f_tuple                         |
|--------------------------+----------------------------------------------|
| cargo_autoharness_filter | yes_harness::f_u128                          |
|--------------------------+----------------------------------------------|
| cargo_autoharness_filter | yes_harness::f_u16                           |
|--------------------------+----------------------------------------------|
| cargo_autoharness_filter | yes_harness::f_u32                           |
|--------------------------+----------------------------------------------|
| cargo_autoharness_filter | yes_harness::f_u64                           |
|--------------------------+----------------------------------------------|
| cargo_autoharness_filter | yes_harness::f_u8                            |
|--------------------------+----------------------------------------------|
| cargo_autoharness_filter | yes_harness::f_unsupported_return_type       |
|--------------------------+----------------------------------------------|
| cargo_autoharness_filter | yes_harness::f_usize                         |
+--------------------------+----------------------------------------------+

Kani did not generate automatic harnesses for 6 function(s).
If you believe that the provided reason is incorrect and Kani should have generated an automatic harness, please comment on this issue: https://github.com/model-checking/kani/issues/3832
+--------------------------+----------------------------------------+----------------------------------------------------------------------------------+
| Crate                    | Skipped Function                       | Reason for Skipping                                                              |
+======================================================================================================================================================+
| cargo_autoharness_filter | no_harness::doesnt_implement_arbitrary | Missing Arbitrary implementation for argument(s) x: DoesntImplementArbitrary<'_> |
|--------------------------+----------------------------------------+----------------------------------------------------------------------------------|
| cargo_autoharness_filter | no_harness::unsupported_const_pointer  | Missing Arbitrary implementation for argument(s) _y: *const i32                  |
|--------------------------+----------------------------------------+----------------------------------------------------------------------------------|
| cargo_autoharness_filter | no_harness::unsupported_generic        | Generic Function                                                                 |
|--------------------------+----------------------------------------+----------------------------------------------------------------------------------|
| cargo_autoharness_filter | no_harness::unsupported_mut_pointer    | Missing Arbitrary implementation for argument(s) _y: *mut i32                    |
|--------------------------+----------------------------------------+----------------------------------------------------------------------------------|
| cargo_autoharness_filter | no_harness::unsupported_no_arg_name    | Missing Arbitrary implementation for argument(s) _: *const i32                   |
|--------------------------+----------------------------------------+----------------------------------------------------------------------------------|
| cargo_autoharness_filter | no_harness::unsupported_slice          | Missing Arbitrary implementation for argument(s) _y: &[u8]                       |
|--------------------------+----------------------------------------+----------------------------------------------------------------------------------|
| cargo_autoharness_filter | no_harness::unsupported_vec            | Missing Arbitrary implementation for argument(s) _y: std::vec::Vec<u8>           |
+--------------------------+----------------------------------------+----------------------------------------------------------------------------------+

Autoharness: Checking function yes_harness::f_ref against all possible inputs...
Autoharness: Checking function yes_harness::f_tuple against all possible inputs...
Autoharness: Checking function yes_harness::f_maybe_uninit against all possible inputs...
Autoharness: Checking function yes_harness::f_result against all possible inputs...
Autoharness: Checking function yes_harness::f_option against all possible inputs...
Autoharness: Checking function yes_harness::f_array against all possible inputs...
Autoharness: Checking function yes_harness::f_nonzero_isize against all possible inputs...
Autoharness: Checking function yes_harness::f_nonzero_i128 against all possible inputs...
Autoharness: Checking function yes_harness::f_nonzero_i64 against all possible inputs...
Autoharness: Checking function yes_harness::f_nonzero_i32 against all possible inputs...
Autoharness: Checking function yes_harness::f_nonzero_i16 against all possible inputs...
Autoharness: Checking function yes_harness::f_nonzero_i8 against all possible inputs...
Autoharness: Checking function yes_harness::f_nonzero_usize against all possible inputs...
Autoharness: Checking function yes_harness::f_nonzero_u128 against all possible inputs...
Autoharness: Checking function yes_harness::f_nonzero_u64 against all possible inputs...
Autoharness: Checking function yes_harness::f_nonzero_u32 against all possible inputs...
Autoharness: Checking function yes_harness::f_nonzero_u16 against all possible inputs...
Autoharness: Checking function yes_harness::f_nonzero_u8 against all possible inputs...
Autoharness: Checking function yes_harness::f_f128 against all possible inputs...
Autoharness: Checking function yes_harness::f_f16 against all possible inputs...
Autoharness: Checking function yes_harness::f_f64 against all possible inputs...
Autoharness: Checking function yes_harness::f_f32 against all possible inputs...
Autoharness: Checking function yes_harness::f_compiler_derives_arbitrary against all possible inputs...
Autoharness: Checking function yes_harness::f_char against all possible inputs...
Autoharness: Checking function yes_harness::f_bool against all possible inputs...
Autoharness: Checking function yes_harness::f_isize against all possible inputs...
Autoharness: Checking function yes_harness::f_i128 against all possible inputs...
Autoharness: Checking function yes_harness::f_i64 against all possible inputs...
Autoharness: Checking function yes_harness::f_i32 against all possible inputs...
Autoharness: Checking function yes_harness::f_i16 against all possible inputs...
Autoharness: Checking function yes_harness::f_i8 against all possible inputs...
Autoharness: Checking function yes_harness::f_usize against all possible inputs...
Autoharness: Checking function yes_harness::f_u128 against all possible inputs...
Autoharness: Checking function yes_harness::f_u64 against all possible inputs...
Autoharness: Checking function yes_harness::f_u32 against all possible inputs...
Autoharness: Checking function yes_harness::f_u16 against all possible inputs...
Autoharness: Checking function yes_harness::f_u8 against all possible inputs...
Autoharness: Checking function yes_harness::f_unsupported_return_type against all possible inputs...
Autoharness: Checking function yes_harness::f_multiple_args against all possible inputs...
Autoharness: Checking function yes_harness::f_derives_arbitrary against all possible inputs...
Autoharness: Checking function yes_harness::f_manually_implements_arbitrary against all possible inputs...
Autoharness: Checking function yes_harness::f_phantom_data against all possible inputs...
Autoharness: Checking function yes_harness::f_phantom_pinned against all possible inputs...
Autoharness: Checking function yes_harness::empty_body against all possible inputs...

Manual Harness Summary:
No proof harnesses (functions with #[kani::proof]) were found to verify.

Autoharness Summary:
+--------------------------+----------------------------------------------+---------------------------+---------------------+
| Crate                    | Selected Function                            | Kind of Automatic Harness | Verification Result |
+===========================================================================================================================+
| cargo_autoharness_filter | yes_harness::empty_body                      | #[kani::proof]            | Success             |
|--------------------------+----------------------------------------------+---------------------------+---------------------|
| cargo_autoharness_filter | yes_harness::f_array                         | #[kani::proof]            | Success             |
|--------------------------+----------------------------------------------+---------------------------+---------------------|
| cargo_autoharness_filter | yes_harness::f_bool                          | #[kani::proof]            | Success             |
|--------------------------+----------------------------------------------+---------------------------+---------------------|
| cargo_autoharness_filter | yes_harness::f_char                          | #[kani::proof]            | Success             |
|--------------------------+----------------------------------------------+---------------------------+---------------------|
| cargo_autoharness_filter | yes_harness::f_compiler_derives_arbitrary    | #[kani::proof]            | Success             |
|--------------------------+----------------------------------------------+---------------------------+---------------------|
| cargo_autoharness_filter | yes_harness::f_derives_arbitrary             | #[kani::proof]            | Success             |
|--------------------------+----------------------------------------------+---------------------------+---------------------|
| cargo_autoharness_filter | yes_harness::f_f128                          | #[kani::proof]            | Success             |
|--------------------------+----------------------------------------------+---------------------------+---------------------|
| cargo_autoharness_filter | yes_harness::f_f16                           | #[kani::proof]            | Success             |
|--------------------------+----------------------------------------------+---------------------------+---------------------|
| cargo_autoharness_filter | yes_harness::f_f32                           | #[kani::proof]            | Success             |
|--------------------------+----------------------------------------------+---------------------------+---------------------|
| cargo_autoharness_filter | yes_harness::f_f64                           | #[kani::proof]            | Success             |
|--------------------------+----------------------------------------------+---------------------------+---------------------|
| cargo_autoharness_filter | yes_harness::f_i128                          | #[kani::proof]            | Success             |
|--------------------------+----------------------------------------------+---------------------------+---------------------|
| cargo_autoharness_filter | yes_harness::f_i16                           | #[kani::proof]            | Success             |
|--------------------------+----------------------------------------------+---------------------------+---------------------|
| cargo_autoharness_filter | yes_harness::f_i32                           | #[kani::proof]            | Success             |
|--------------------------+----------------------------------------------+---------------------------+---------------------|
| cargo_autoharness_filter | yes_harness::f_i64                           | #[kani::proof]            | Success             |
|--------------------------+----------------------------------------------+---------------------------+---------------------|
| cargo_autoharness_filter | yes_harness::f_i8                            | #[kani::proof]            | Success             |
|--------------------------+----------------------------------------------+---------------------------+---------------------|
| cargo_autoharness_filter | yes_harness::f_isize                         | #[kani::proof]            | Success             |
|--------------------------+----------------------------------------------+---------------------------+---------------------|
| cargo_autoharness_filter | yes_harness::f_manually_implements_arbitrary | #[kani::proof]            | Success             |
|--------------------------+----------------------------------------------+---------------------------+---------------------|
| cargo_autoharness_filter | yes_harness::f_maybe_uninit                  | #[kani::proof]            | Success             |
|--------------------------+----------------------------------------------+---------------------------+---------------------|
| cargo_autoharness_filter | yes_harness::f_multiple_args                 | #[kani::proof]            | Success             |
|--------------------------+----------------------------------------------+---------------------------+---------------------|
| cargo_autoharness_filter | yes_harness::f_nonzero_i128                  | #[kani::proof]            | Success             |
|--------------------------+----------------------------------------------+---------------------------+---------------------|
| cargo_autoharness_filter | yes_harness::f_nonzero_i16                   | #[kani::proof]            | Success             |
|--------------------------+----------------------------------------------+---------------------------+---------------------|
| cargo_autoharness_filter | yes_harness::f_nonzero_i32                   | #[kani::proof]            | Success             |
|--------------------------+----------------------------------------------+---------------------------+---------------------|
| cargo_autoharness_filter | yes_harness::f_nonzero_i64                   | #[kani::proof]            | Success             |
|--------------------------+----------------------------------------------+---------------------------+---------------------|
| cargo_autoharness_filter | yes_harness::f_nonzero_i8                    | #[kani::proof]            | Success             |
|--------------------------+----------------------------------------------+---------------------------+---------------------|
| cargo_autoharness_filter | yes_harness::f_nonzero_isize                 | #[kani::proof]            | Success             |
|--------------------------+----------------------------------------------+---------------------------+---------------------|
| cargo_autoharness_filter | yes_harness::f_nonzero_u128                  | #[kani::proof]            | Success             |
|--------------------------+----------------------------------------------+---------------------------+---------------------|
| cargo_autoharness_filter | yes_harness::f_nonzero_u16                   | #[kani::proof]            | Success             |
|--------------------------+----------------------------------------------+---------------------------+---------------------|
| cargo_autoharness_filter | yes_harness::f_nonzero_u32                   | #[kani::proof]            | Success             |
|--------------------------+----------------------------------------------+---------------------------+---------------------|
| cargo_autoharness_filter | yes_harness::f_nonzero_u64                   | #[kani::proof]            | Success             |
|--------------------------+----------------------------------------------+---------------------------+---------------------|
| cargo_autoharness_filter | yes_harness::f_nonzero_u8                    | #[kani::proof]            | Success             |
|--------------------------+----------------------------------------------+---------------------------+---------------------|
| cargo_autoharness_filter | yes_harness::f_nonzero_usize                 | #[kani::proof]            | Success             |
|--------------------------+----------------------------------------------+---------------------------+---------------------|
| cargo_autoharness_filter | yes_harness::f_option                        | #[kani::proof]            | Success             |
|--------------------------+----------------------------------------------+---------------------------+---------------------|
| cargo_autoharness_filter | yes_harness::f_phantom_data                  | #[kani::proof]            | Success             |
|--------------------------+----------------------------------------------+---------------------------+---------------------|
| cargo_autoharness_filter | yes_harness::f_phantom_pinned                | #[kani::proof]            | Success             |
|--------------------------+----------------------------------------------+---------------------------+---------------------|
| cargo_autoharness_filter | yes_harness::f_ref                           | #[kani::proof]            | Success             |
|--------------------------+----------------------------------------------+---------------------------+---------------------|
| cargo_autoharness_filter | yes_harness::f_result                        | #[kani::proof]            | Success             |
|--------------------------+----------------------------------------------+---------------------------+---------------------|
| cargo_autoharness_filter | yes_harness::f_tuple                         | #[kani::proof]            | Success             |
|--------------------------+----------------------------------------------+---------------------------+---------------------|
| cargo_autoharness_filter | yes_harness::f_u128                          | #[kani::proof]            | Success             |
|--------------------------+----------------------------------------------+---------------------------+---------------------|
| cargo_autoharness_filter | yes_harness::f_u16                           | #[kani::proof]            | Success             |
|--------------------------+----------------------------------------------+---------------------------+---------------------|
| cargo_autoharness_filter | yes_harness::f_u32                           | #[kani::proof]            | Success             |
|--------------------------+----------------------------------------------+---------------------------+---------------------|
| cargo_autoharness_filter | yes_harness::f_u64                           | #[kani::proof]            | Success             |
|--------------------------+----------------------------------------------+---------------------------+---------------------|
| cargo_autoharness_filter | yes_harness::f_u8                            | #[kani::proof]            | Success             |
|--------------------------+----------------------------------------------+---------------------------+---------------------|
| cargo_autoharness_filter | yes_harness::f_unsupported_return_type       | #[kani::proof]            | Success             |
|--------------------------+----------------------------------------------+---------------------------+---------------------|
| cargo_autoharness_filter | yes_harness::f_usize                         | #[kani::proof]            | Success             |
+--------------------------+----------------------------------------------+---------------------------+---------------------+
Complete - 44 successfully verified functions, 0 failures, 44 total.
