Autoharness: Checking function yes_harness::f_tuple against all possible inputs...
Autoharness: Checking function yes_harness::f_maybe_uninit against all possible inputs...
Autoharness: Checking function yes_harness::f_result against all possible inputs...
Autoharness: Checking function yes_harness::f_option against all possible inputs...
Autoharness: Checking function yes_harness::f_array against all possible inputs...
Autoharness: Checking function yes_harness::f_nonzero_isize against all possible inputs...
Autoharness: Checking function yes_harness::f_nonzero_i128 against all possible inputs...
Autoharness: Checking function yes_harness::f_nonzero_i64 against all possible inputs...
Autoharness: Checking function yes_harness::f_nonzero_i32 against all possible inputs...
Autoharness: Checking function yes_harness::f_nonzero_i16 against all possible inputs...
Autoharness: Checking function yes_harness::f_nonzero_i8 against all possible inputs...
Autoharness: Checking function yes_harness::f_nonzero_usize against all possible inputs...
Autoharness: Checking function yes_harness::f_nonzero_u128 against all possible inputs...
Autoharness: Checking function yes_harness::f_nonzero_u64 against all possible inputs...
Autoharness: Checking function yes_harness::f_nonzero_u32 against all possible inputs...
Autoharness: Checking function yes_harness::f_nonzero_u16 against all possible inputs...
Autoharness: Checking function yes_harness::f_nonzero_u8 against all possible inputs...
Autoharness: Checking function yes_harness::f_f128 against all possible inputs...
Autoharness: Checking function yes_harness::f_f16 against all possible inputs...
Autoharness: Checking function yes_harness::f_f64 against all possible inputs...
Autoharness: Checking function yes_harness::f_f32 against all possible inputs...
Autoharness: Checking function yes_harness::f_char against all possible inputs...
Autoharness: Checking function yes_harness::f_bool against all possible inputs...
Autoharness: Checking function yes_harness::f_isize against all possible inputs...
Autoharness: Checking function yes_harness::f_i128 against all possible inputs...
Autoharness: Checking function yes_harness::f_i64 against all possible inputs...
Autoharness: Checking function yes_harness::f_i32 against all possible inputs...
Autoharness: Checking function yes_harness::f_i16 against all possible inputs...
Autoharness: Checking function yes_harness::f_i8 against all possible inputs...
Autoharness: Checking function yes_harness::f_usize against all possible inputs...
Autoharness: Checking function yes_harness::f_u128 against all possible inputs...
Autoharness: Checking function yes_harness::f_u64 against all possible inputs...
Autoharness: Checking function yes_harness::f_u32 against all possible inputs...
Autoharness: Checking function yes_harness::f_u16 against all possible inputs...
Autoharness: Checking function yes_harness::f_u8 against all possible inputs...
Autoharness: Checking function yes_harness::f_unsupported_return_type against all possible inputs...
Autoharness: Checking function yes_harness::f_multiple_args against all possible inputs...
Autoharness: Checking function yes_harness::f_derives_arbitrary against all possible inputs...
Autoharness: Checking function yes_harness::f_manually_implements_arbitrary against all possible inputs...
Autoharness: Checking function yes_harness::f_phantom_data against all possible inputs...
Autoharness: Checking function yes_harness::f_phantom_pinned against all possible inputs...
Autoharness: Checking function yes_harness::empty_body against all possible inputs...
Complete - 42 successfully verified functions, 0 failures, 42 total.