Checking harness check_distance...
VERIFICATION:- SUCCESSFUL

Checking harness diff_from_usize...
VERIFICATION:- SUCCESSFUL

Checking harness usage_example...
VERIFICATION:- SUCCESSFUL

Checking harness pointer_may_be_same...
 ** 1 of 1 cover properties satisfied
VERIFICATION:- SUCCESSFUL

Checking harness generator_large_enough...
 ** 2 of 2 cover properties satisfied
VERIFICATION:- SUCCESSFUL

Checking harness same_capacity...
VERIFICATION:- SUCCESSFUL

Checking harness basic_inbounds...
VERIFICATION:- SUCCESSFUL

Complete - 7 successfully verified harnesses, 0 failures, 7 total.
