Checking harness check_valid_negative_offset...
VERIFICATION:- SUCCESSFUL

Checking harness check_ub_sym_wrap_min...
Failed Checks: Offset result and original pointer must point to the same allocation
VERIFICATION:- FAILED

Checking harness check_ub_sym_wrap_negative...
Failed Checks: Offset result and original pointer must point to the same allocation
VERIFICATION:- FAILED

Checking harness check_ub_sym_wrap_positive...
Failed Checks: Offset result and original pointer must point to the same allocation
VERIFICATION:- FAILED

Complete - 1 successfully verified harnesses, 3 failures, 4 total.
