Failed Checks: Offset result and original pointer must point to the same allocation
Failed Checks: Offset result and original pointer must point to the same allocation

Verification failed for - test_offset_overflow
Verification failed for - check_ptr_oob
Complete - 1 successfully verified harnesses, 2 failures, 3 total.
