main.assertion.1\
         - Status: SUCCESS\
         - Description: "assertion failed: quan1"

main.assertion.2\
         - Status: SUCCESS\
         - Description: "assertion failed: quan2"

main.assertion.3\
         - Status: SUCCESS\
         - Description: "assertion failed: quan3"


main.assertion.4\
         - Status: SUCCESS\
         - Description: "assertion failed: quan4"

VERIFICATION:- SUCCESSFUL

