union_update_should_fail.assertion.1\
	 - Status: FAILURE\
	 - Description: "Undefined Behavior: Reading from an uninitialized pointer of type `u32`"

union_complex_subfields_should_fail.assertion.1\
	 - Status: FAILURE\
	 - Description: "Undefined Behavior: Reading from an uninitialized pointer of type `(u32, u16, u8)`"

basic_union_should_fail.assertion.1\
	 - Status: FAILURE\
	 - Description: "Undefined Behavior: Reading from an uninitialized pointer of type `u32`"

union_uninit_inside_projection_should_fail.assertion.1\
	 - Status: FAILURE\
	 - Description: "Undefined Behavior: Reading from an uninitialized pointer of type `(u32, u16, u8)`"

Summary:
Verification failed for - union_update_should_fail
Verification failed for - union_uninit_inside_projection_should_fail
Verification failed for - union_complex_subfields_should_fail
Verification failed for - basic_union_should_fail
Complete - 2 successfully verified harnesses, 4 failures, 6 total.
