Kani generated automatic harnesses for 5 function(s):
+--------------------------------+
| Selected Function              |
+================================+
| should_fail::max               |
|--------------------------------|
| should_pass::div               |
|--------------------------------|
| should_pass::has_loop_contract |
|--------------------------------|
| should_pass::has_recursion_gcd |
|--------------------------------|
| should_pass::unchecked_mul     |
+--------------------------------+

Skipped Functions: None. Kani generated automatic harnesses for all functions in the available crate(s).

Autoharness: Checking function should_fail::max's contract against all possible inputs...
assertion\
	 - Status: FAILURE\
	 - Description: "|result : &u32| *result == x"

Autoharness: Checking function should_pass::has_loop_contract against all possible inputs...
should_pass::has_loop_contract.assertion\
	 - Status: SUCCESS\
	 - Description: "assertion failed: x == 2"

Autoharness: Checking function should_pass::has_recursion_gcd's contract against all possible inputs...
assertion\
	 - Status: SUCCESS\
	 - Description: "|result : &u8| *result != 0 && x % *result == 0 && y % *result == 0"

Autoharness: Checking function should_pass::div's contract against all possible inputs...

Autoharness: Checking function should_pass::unchecked_mul's contract against all possible inputs...
arithmetic_overflow\
	 - Status: SUCCESS\
	 - Description: "attempt to compute `unchecked_mul` which would overflow"

Manual Harness Summary:
No proof harnesses (functions with #[kani::proof]) were found to verify.

Autoharness Summary:
+--------------------------------+-----------------------------+---------------------+
| Selected Function              | Kind of Automatic Harness   | Verification Result |
+====================================================================================+
| should_pass::div               | #[kani::proof_for_contract] | Success             |
|--------------------------------+-----------------------------+---------------------|
| should_pass::has_loop_contract | #[kani::proof]              | Success             |
|--------------------------------+-----------------------------+---------------------|
| should_pass::has_recursion_gcd | #[kani::proof_for_contract] | Success             |
|--------------------------------+-----------------------------+---------------------|
| should_pass::unchecked_mul     | #[kani::proof_for_contract] | Success             |
|--------------------------------+-----------------------------+---------------------|
| should_fail::max               | #[kani::proof_for_contract] | Failure             |
+--------------------------------+-----------------------------+---------------------+
Note that `kani autoharness` sets default --harness-timeout of 60s and --default-unwind of 20.
If verification failed because of timing out or too low of an unwinding bound, try passing larger values for these arguments (or, if possible, writing a loop contract).
Complete - 4 successfully verified functions, 1 failures, 5 total.
