Contracts:
|       | Crate      | Function                      | Contract Harnesses (#[kani::proof_for_contract])               |
| ----- | ---------- | ----------------------------- | -------------------------------------------------------------- |
|       | cargo_list | example::implementation::bar  | example::verify::check_bar                                     |
|       | cargo_list | example::implementation::foo  | example::verify::check_foo_u32, example::verify::check_foo_u64 |
|       | cargo_list | example::implementation::func | example::verify::check_func                                    |
|       | cargo_list | example::prep::parse          | NONE                                                           |
| Total |            | 4                             | 4                                                              |

Standard Harnesses (#[kani::proof]):
|       | Crate      | Harness                                           |
| ----- | ---------- | ------------------------------------------------- |
|       | cargo_list | standard_harnesses::example::verify::check_modify |
|       | cargo_list | standard_harnesses::example::verify::check_new    |
| Total |            | 2                                                 |
