Checking harness tests::test_should_skip3...
Checking harness tests::test_should_skip2...
Checking harness tests::test_should_skip1...
Checking harness tests::test_slow_fail...
Summary:
Verification failed for - tests::test_slow_fail
Complete - 3 successfully verified harnesses, 1 failures, 4 total.
