Kani generated automatic harnesses for 1 function(s):
+---------------------------+-------------------+
| Crate                     | Selected Function |
+===============================================+
| cargo_autoharness_include | include::simple   |
+---------------------------+-------------------+

Kani did not generate automatic harnesses for 2 function(s).
If you believe that the provided reason is incorrect and Kani should have generated an automatic harness, please comment on this issue: https://github.com/model-checking/kani/issues/3832
+---------------------------+------------------+--------------------------------+
| Crate                     | Skipped Function | Reason for Skipping            |
+===============================================================================+
| cargo_autoharness_include | excluded::simple | Did not match provided filters |
|---------------------------+------------------+--------------------------------|
| cargo_autoharness_include | include::generic | Generic Function               |
+---------------------------+------------------+--------------------------------+
Autoharness: Checking function include::simple against all possible inputs...
VERIFICATION:- SUCCESSFUL

Manual Harness Summary:
No proof harnesses (functions with #[kani::proof]) were found to verify.

Autoharness Summary:
+---------------------------+-------------------+---------------------------+---------------------+
| Crate                     | Selected Function | Kind of Automatic Harness | Verification Result |
+=================================================================================================+
| cargo_autoharness_include | include::simple   | #[kani::proof]            | Success             |
+---------------------------+-------------------+---------------------------+---------------------+
Complete - 1 successfully verified functions, 0 failures, 1 total.
