Checking harness check_access_length_17...

Failed Checks: dereference failure: pointer outside object bounds\
in check_access_length_17

Checking harness check_access_length_zero...

Failed Checks: dereference failure: pointer outside object bounds\
in check_access_length_zero

Verification failed for - check_access_length_17
Verification failed for - check_access_length_zero
