Failed Checks: float_to_int_unchecked: attempt to convert a value out of range of the target integer

Verification failed for - check_u16_upper
Verification failed for - check_u64_upper
Verification failed for - check_usize_upper
Verification failed for - check_u32_upper
Verification failed for - check_u8_upper
Verification failed for - check_u128_lower
Verification failed for - check_u32_lower
Verification failed for - check_u8_lower
Verification failed for - check_u64_lower
Verification failed for - check_usize_lower
Verification failed for - check_u16_lower
Complete - 1 successfully verified harnesses, 11 failures, 12 total.
