Initial compilation
omplete - 2 successfully verified harnesses, 0 failures, 2 total.
target/initial.log:Compiled 2 crates
target/initial.log:Checking harness check_u8_i16...
target/initial.log:Checking harness check_u8_u32...
target/initial.log:Complete - 2 successfully verified harnesses, 0 failures, 2 total.
Run with a new argument that affects compilation
target/enable_checks.log:Compiled 2 crates
target/enable_checks.log:Checking harness check_u8_i16...
target/enable_checks.log:Checking harness check_u8_u32...
target/enable_checks.log:Complete - 2 successfully verified harnesses, 0 failures, 2 total.
Run after change to the source code
target/changed_src.log:Compiled 1 crates
target/changed_src.log:Checking harness noop_check...
target/changed_src.log:Checking harness check_u8_i16...
target/changed_src.log:Checking harness check_u8_u32...
target/changed_src.log:Complete - 3 successfully verified harnesses, 0 failures, 3 total.
Run with new dependency
target/new_dep.log:Compiled 2 crates
target/new_dep.log:Checking harness noop_check...
target/new_dep.log:Checking harness check_u8_i16...
target/new_dep.log:Checking harness check_u8_u32...
target/new_dep.log:Complete - 3 successfully verified harnesses, 0 failures, 3 total.
