Checking harness check_arbitrary_ptr...

Status: SUCCESS\
Description: "Panic: "OutOfBounds""

Status: SUCCESS\
Description: "Panic: "InBounds""

Status: SUCCESS\
Description: "Panic: "NullPtr""

Status: FAILURE\
Description: "Panic: "DeadObject""

Status: SATISFIED\
Description: "Dangling"

Status: UNREACHABLE\
Description: "Panic: "Dangling write""

Verification failed for - check_arbitrary_ptr
