fixed::VecDeque::<u8>::handle_capacity_increase.assertion.7\
Status: UNREACHABLE\
Description: "assertion holds: self.head < self.tail"

fixed::VecDeque::<u8>::handle_capacity_increase.assertion.8\
Status: UNREACHABLE\
Description: "assertion holds: self.head < self.cap()"

fixed::VecDeque::<u8>::handle_capacity_increase.assertion.9\
Status: UNREACHABLE\
Description: "assertion holds: self.tail < self.cap()"

fixed::VecDeque::<u8>::handle_capacity_increase.assertion.10\
Status: UNREACHABLE\
Description: "assertion holds: self.cap().count_ones() == 1"

VERIFICATION:- SUCCESSFUL
