fixed::VecDeque::<T, A>::handle_capacity_increase.assertion.14\
Status: UNREACHABLE\
Description: "assertion failed: self.head < self.tail"

fixed::VecDeque::<T, A>::handle_capacity_increase.assertion.16\
Status: UNREACHABLE\
Description: "assertion failed: self.head < self.cap()"

fixed::VecDeque::<T, A>::handle_capacity_increase.assertion.18\
Status: UNREACHABLE\
Description: "assertion failed: self.tail < self.cap()"

fixed::VecDeque::<T, A>::handle_capacity_increase.assertion.20\
Status: UNREACHABLE\
Description: "assertion failed: self.cap().count_ones() == 1"

VERIFICATION:- SUCCESSFUL
