error: unable to resolve call to `DoIt::do_it`; there is likely a trait mismatch between the signatures for the stub `bar` and the original function/method `foo`
error: unable to resolve call to `std::cmp::PartialEq::eq`; there is likely a trait mismatch between the signatures for the stub `bar` and the original function/method `foo`
error: could not compile `function-stubbing-trait-mismatch` due to 2 previous errors