FILES: yes
TERSE: yes
PARALLEL: yes
PREFIXED RESULTS: yes
SERIAL: yes
EQUIVALENT: yes
| f1 | #[kani::proof] | Success
| f2 | #[kani::proof] | Success
| f3 | #[kani::proof] | Success
| f4 | #[kani::proof] | Success
| f5 | #[kani::proof] | Failure
Complete - 4 successfully verified functions, 1 failures, 5 total.
