Failed Checks: Undefined Behavior: Invalid value of type `std::ptr::NonNull<u8>`

Failed Checks: Undefined Behavior: Invalid value of type `std::ptr::NonNull<u8>`

Verification failed for - check_invalid_value_cfg
Verification failed for - check_invalid_value
Complete - 1 successfully verified harnesses, 2 failures, 3 total.
