Failed Checks: Undefined Behavior: Invalid value of type `std::num::NonZero<u8>`
Failed Checks: Undefined Behavior: Invalid value of type `std::num::NonZero<u8>`
Failed Checks: Undefined Behavior: Invalid value of type `std::num::NonZero<u8>`

Verification failed for - read_invalid_is_ub
Verification failed for - write_valid_before_read
Verification failed for - write_invalid_bytes_no_ub_with_spurious_cex
Complete - 0 successfully verified harnesses, 3 failures, 3 total.
