[TEST] --target needs -Z unstable-options
error: The `--target` option is unstable and requires `-Z unstable-options` to be used.

[TEST] single file on the host: the riscv64 harnesses are compiled out
No proof harnesses (functions with #[kani::proof]) were found to verify.

[TEST] single file for riscv64
Checking harness riscv64::target_is_riscv64gc...
VERIFICATION:- SUCCESSFUL
Checking harness riscv64::overflow_is_found...
attempt to add with overflow
VERIFICATION:- FAILED
Complete - 1 successfully verified harnesses, 1 failures, 2 total.

[TEST] cargo kani for riscv64
Checking harness verify::elapsed_never_panics...
Complete - 1 successfully verified harnesses, 0 failures, 1 total.
