copy_replace.assertion\
- Status: SUCCESS\
- Description: "equality"\
in function copy_replace

VERIFICATION:- SUCCESSFUL

copy.assigns\
- Status: SUCCESS\
- Description: "Check that var_4 is assignable"\
in function copy

copy.assigns\
- Status: SUCCESS\
- Description: "Check that var_3 is assignable"\
in function copy\

copy.assigns\
- Status: SUCCESS\
- Description: "Check that var_5 is assignable"\
in function copy

copy.assigns\
- Status: SUCCESS\
- Description: "Check that *var_5 is assignable"\
in function copy\

copy.assigns\
- Status: SUCCESS\
- Description: "Check that var_7 is assignable"\
in function copy

copy.assigns\
- Status: SUCCESS\
- Description: "Check that *var_7 is assignable"\
in function copy

VERIFICATION:- SUCCESSFUL
