.assertion\
- Status: SUCCESS\
- Description: "Panic: v.len() > 0"\
in function modify

.assertion\
- Status: SUCCESS\
- Description: "Panic: element set"\
in function modify

.assertion\
- Status: SUCCESS\
- Description: "Panic: vector tail equality"\
in function modify

assertion\
- Status: SUCCESS\
- Description: "Panic: |result| v[0] == src"

VERIFICATION:- SUCCESSFUL
