.assertion\
- Status: SUCCESS\
- Description: "v.len() > 0"\
in function modify

.assertion\
- Status: SUCCESS\
- Description: "element set"\
in function modify

.assertion\
- Status: SUCCESS\
- Description: "vector tail equality"\
in function modify

assertion\
- Status: SUCCESS\
- Description: "|result| v[0] == src"

VERIFICATION:- SUCCESSFUL
