always_out_of_bounds.assertion.1\
- Status: FAILURE\
- Description: "index out of bounds: the length is less than or equal to the given index"

always_out_of_bounds.assertion.1\
- Status: UNREACHABLE\
- Description: "index out of bounds: the length is less than or equal to the given index"

Verification failed for - check_always_out_of_bounds
Complete - 1 successfully verified harnesses, 1 failures, 2 total.
