Failed Checks: Undefined Behavior: Reading from an uninitialized pointer of type `*const u8`

Failed Checks: Undefined Behavior: Reading from an uninitialized pointer of type `*const u8`

Verification failed for - access_padding_uninit_b
Verification failed for - access_padding_uninit_a
Complete - 2 successfully verified harnesses, 2 failures, 4 total.
