 ** 1 of 8 failed\
Failed Checks: Kani currently doesn't support checking memory initialization for pointers to `E1. Cannot determine layout for an Enum of type E1, as it has multiple variants that have different padding.

Verification failed for - access_padding_unsupported
Complete - 1 successfully verified harnesses, 1 failures, 2 total.
