contract_cover.1\
	 - Status: FAILURE\
	 - Description: "The contract's precondition is satisfiable."

contract_cover.2\
	 - Status: FAILURE\
	 - Description: "The contract's postcondition is reachable."

VERIFICATION:- FAILED

contract_cover.1\
	 - Status: SUCCESS\
	 - Description: "The contract's precondition is satisfiable."

contract_cover.2\
	 - Status: FAILURE\
	 - Description: "The contract's precondition is satisfiable."

contract_cover.3\
	 - Status: FAILURE\
	 - Description: "The contract's postcondition is reachable."

VERIFICATION:- FAILED
