Status: SUCCESS\
Description: "assertion failed: packet_number_len.into_packet_tag_mask() == packet_tag"

Status: SUCCESS\
Description: "assertion failed: packet_number_len.bytesize() == packet_bytes.len()"

Status: SUCCESS\
Description: "assertion failed: truncated_packet_number.len() == packet_number_len"

Status: SUCCESS\
Description: "assertion failed: packet_bytes == encode(&truncated_packet_number).unwrap()"

Status: SUCCESS\
Description: "assertion failed: actual_truncated_packet_number == truncated_packet_number"

Status: SUCCESS\
Description: "assertion failed: actual_packet_number == packet_number"

VERIFICATION:- SUCCESSFUL
