Status: SUCCESS\
Description: "assertion failed: a == b"

Status: SUCCESS\
Description: "assertion failed: from.len() > from_index"

Status: SUCCESS\
Description: "assertion failed: to.len() > to_index"

Status: SUCCESS\
Description: "assertion failed: from.len() >= from_offset"

Status: SUCCESS\
Description: "assertion failed: to.len() >= to_offset"

Status: SUCCESS\
Description: "assertion failed: from.len() >= len"

Status: SUCCESS\
Description: "assertion failed: to.len() >= len"

VERIFICATION:- SUCCESSFUL
