Frac::check_equals.assertion\
- Status: FAILURE\
- Description: "Panic: attempt to calculate the remainder with a divisor of zero"

Frac::check_equals.assertion\
- Status: FAILURE\
- Description: "Panic: assertion failed: self.den % f2.den == 0"

Frac::check_equals.assertion\
- Status: FAILURE\
- Description: "Panic: assertion failed: gcd1 == gcd2"

Failed Checks: Panic: attempt to calculate the remainder with a divisor of zero
Failed Checks: Panic: assertion failed: self.den % f2.den == 0
Failed Checks: Panic: assertion failed: gcd1 == gcd2

VERIFICATION:- FAILED
