error: `clamp` is used as a verified stub, but generating an arbitrary value of its return type `Cyclic` calls `clamp` again
note: the contract replacement havocs its return value with `kani::any::<Cyclic>()`, so this forms an unbounded recursion:
-> <stub_verified_arbitrary_cycle_generic::Cyclic as kani::Arbitrary>::any
-> stub_verified_arbitrary_cycle_generic::clamp::<stub_verified_arbitrary_cycle_generic::Cyclic>
help: derive `Arbitrary` for `Cyclic` instead of implementing it manually, or avoid calling `clamp` from the `Arbitrary` implementation
