Checking harness pre_condition::harness_invalid_ptr...
contract_cover.1\
	 - Status: FAILURE\
	 - Description: "The contract's precondition is satisfiable."
VERIFICATION:- FAILED (encountered failures other than panics, which were unexpected)

Checking harness pre_condition::harness_stack_ptr...
VERIFICATION:- SUCCESSFUL

Checking harness pre_condition::harness_head_ptr...
VERIFICATION:- SUCCESSFUL

Checking harness post_condition::harness...
assertion.1\
	 - Status: FAILURE\
	 - Description: "|result| kani::mem::can_dereference((*result).0)"
VERIFICATION:- FAILED
