Checking harness transmute_wrapper_diff_size...
Status: UNREACHABLE\
Description: ""Unreachable expected""

Failed Checks: Cannot transmute between types of different sizes. Transmuting from `8` to `16` bytes

VERIFICATION:- FAILED

Checking harness transmute_diff_size...

Status: UNREACHABLE\
Description: ""This should never be reached""

Status: UNREACHABLE\
Description: ""Neither this one""

Failed Checks: Cannot transmute between types of different sizes. Transmuting from `4` to `2` bytes
Failed Checks: Cannot transmute between types of different sizes. Transmuting from `4` to `16` bytes

VERIFICATION:- FAILED

Verification failed for - transmute_wrapper_diff_size
Verification failed for - transmute_diff_size
0 successfully verified harnesses, 2 failures, 2 total
