warning: the measure of this `#[kani::loop_decreases]` clause is computed once, before the loop, so the decreases check will fail even if the measure decreases

= note: see https://github.com/model-checking/kani/issues/4585

if_measure_harness.loop_decreases.1\
	 - Status: FAILURE\
	 - Description: "Check variant decreases after step for loop if_measure_harness.0"

call_measure_harness.loop_decreases.1\
	 - Status: FAILURE\
	 - Description: "Check variant decreases after step for loop call_measure_harness.0"

index_measure_harness.loop_decreases.1\
	 - Status: FAILURE\
	 - Description: "Check variant decreases after step for loop index_measure_harness.0"

checked_arithmetic_measure_harness.loop_decreases.1\
	 - Status: FAILURE\
	 - Description: "Check variant decreases after step for loop checked_arithmetic_measure_harness.0"

VERIFICATION:- FAILED
