literal_measure_harness.loop_decreases.1\
	 - Status: FAILURE\
	 - Description: "Check variant decreases after step for loop literal_measure_harness.0"

const_measure_harness.loop_decreases.1\
	 - Status: FAILURE\
	 - Description: "Check variant decreases after step for loop const_measure_harness.0"

VERIFICATION:- FAILED
