- Status: FAILURE\
- Description: "Check that j is assignable"\
in function invariant_then_modifies

- Status: FAILURE\
- Description: "Check that j is assignable"\
in function modifies_then_invariant

- Status: FAILURE\
- Description: "Check that *p is assignable"\
in function write_through_loop_local

- Status: FAILURE\
- Description: "Check that out[\
in function indexed_place_other_element

- Status: FAILURE\
- Description: "Check that y is assignable"\
in function nested_outer_writes_unlisted

- Status: FAILURE\
- Description: "Check that y is assignable"\
in function nested_outer_writes_unlisted_clause_first

Complete - 0 successfully verified harnesses, 6 failures, 6 total.
