forloop.loop_invariant_base.1\
	 - Status: SUCCESS\
	 - Description: "Check invariant before entry for loop forloop.1"

forloop.loop_invariant_base.2\
	 - Status: SUCCESS\
	 - Description: "Check invariant before entry for loop forloop.0"

forloop.loop_invariant_step.1\
	 - Status: SUCCESS\
	 - Description: "Check invariant after step for loop forloop.0"

forloop.loop_invariant_step.2\
	 - Status: SUCCESS\
	 - Description: "Check invariant after step for loop forloop.1"

forloop.assertion.5\
	 - Status: SUCCESS\
	 - Description: "assertion failed: sum <= 6200"
