struct_projection.loop_invariant_step.1\
	 - Status: SUCCESS\
	 - Description: "Check invariant after step for loop struct_projection.0"

struct_projection.loop_invariant_step.2\
	 - Status: SUCCESS\
	 - Description: "Check invariant after step for loop struct_projection.0"

struct_projection.assertion.3\
	 - Status: SUCCESS\
	 - Description: "Panic: assertion failed: s.b == 2"


VERIFICATION:- SUCCESSFUL
