std::ptr::read::<u64>.assertion.1\
	 - Status: FAILURE\
	 - Description: "Undefined Behavior: Reading from an uninitialized pointer of type `*const u64`"\

std::ptr::read::<u64>.assertion.2\
	 - Status: FAILURE\
	 - Description: "Undefined Behavior: Reading from an uninitialized pointer of type `u64`"\

Summary:
Verification failed for - expose_padding_via_copy_convoluted
Complete - 0 successfully verified harnesses, 1 failures, 1 total.
