Checking harness mem_swap::verify::check_swap_large_adt_no_drop...

Checking harness mem_swap::verify::check_swap_adt_no_drop...

Checking harness mem_swap::verify::check_swap_unit...

Failed Checks: ptr NULL or writable up to size

Checking harness mem_swap::verify::check_swap_primitive...

Summary:
Verification failed for - mem_swap::verify::check_swap_unit
Complete - 3 successfully verified harnesses, 1 failures, 4 total.
